held

---- favicon::tests::a_site_that_changes_its_icon_changes_its_identity stdout ----

thread 'favicon::tests::a_site_that_changes_its_icon_changes_its_identity' (53332) panicked at crates\bt-app\src\favicon.rs:440:59:
filed

---- favicon::tests::an_icon_that_will_not_decode_changes_nothing stdout ----

thread 'favicon::tests::an_icon_that_will_not_decode_changes_nothing' (76168) panicked at crates\bt-app\src\favicon.rs:418:60:
filed

---- profiles::tests::a_recent_row_wears_its_sites_icon_where_the_session_learned_one stdout ----

thread 'profiles::tests::a_recent_row_wears_its_sites_icon_where_the_session_learned_one' (74616) panicked at crates\bt-app\src\profiles.rs:16228:14:
the store holds it

---- favicon::tests::the_store_does_not_grow_without_end stdout ----

thread 'favicon::tests::the_store_does_not_grow_without_end' (64880) panicked at crates\bt-app\src\favicon.rs:572:9:
assertion `left == right` failed
  left: 128
 right: 64


failures:
    favicon::tests::a_box_is_cut_once_and_then_handed_out
    favicon::tests::a_box_with_no_area_is_refused
    favicon::tests::a_site_that_changes_its_icon_changes_its_identity
    favicon::tests::a_site_with_an_icon_is_not_a_globe
    favicon::tests::a_site_with_no_icon_has_no_id_at_all
    favicon::tests::an_icon_that_will_not_decode_changes_nothing
    favicon::tests::an_oversized_icon_is_cut_down_before_it_is_kept
    favicon::tests::one_server_is_one_icon_and_two_servers_are_two
    favicon::tests::the_same_icon_twice_is_not_a_new_identity
    favicon::tests::the_store_does_not_grow_without_end
    marks::tests::a_favicon_texture_is_named_by_its_site_and_its_box
    marks::tests::a_globe_that_names_a_site_is_drawn_as_that_site
    marks::tests::a_globe_with_no_icon_behind_it_is_the_glyph
    marks::tests::a_page_moved_into_another_window_keeps_its_icon
    profiles::tests::a_recent_row_wears_its_sites_icon_where_the_session_learned_one
    webhost::favicon_tests::a_page_with_no_icon_says_so
    webhost::favicon_tests::a_second_announcement_during_a_flight_is_one_more_ask_and_not_two
    webhost::favicon_tests::an_answer_is_filed_under_the_site_that_was_asked_about
    webhost::favicon_tests::an_answer_with_no_flight_behind_it_is_dropped
    webnav::tests::a_favicon_is_filed_under_scheme_host_and_port

test result: FAILED. 4 passed; 20 failed; 0 ignored; 0 measured; 2184 filtered out; finished in 0.00s

error: test failed, to rerun pass `-p bt-app --bin folio`
